<html>
<body>
<pre>
<h1>µVision Build Log</h1>
<h2>Project:</h2>
E:\stm32_text\seeing\seeing\Project\RVMDK£¨uv5£©\BH-F103.uvprojx
Project File Date:  03/21/2019

<h2>Output:</h2>
Rebuild target 'USART'
assembling startup_stm32f10x_hd.s...
compiling core_cm3.c...
compiling system_stm32f10x.c...
compiling misc.c...
compiling stm32f10x_adc.c...
compiling stm32f10x_bkp.c...
compiling stm32f10x_can.c...
compiling stm32f10x_cec.c...
compiling stm32f10x_crc.c...
compiling stm32f10x_dac.c...
compiling stm32f10x_dbgmcu.c...
compiling stm32f10x_dma.c...
compiling stm32f10x_exti.c...
compiling stm32f10x_flash.c...
compiling stm32f10x_fsmc.c...
compiling stm32f10x_gpio.c...
compiling stm32f10x_i2c.c...
compiling stm32f10x_iwdg.c...
compiling stm32f10x_pwr.c...
compiling stm32f10x_rcc.c...
compiling stm32f10x_rtc.c...
compiling stm32f10x_sdio.c...
compiling stm32f10x_spi.c...
compiling stm32f10x_tim.c...
compiling stm32f10x_usart.c...
compiling stm32f10x_wwdg.c...
compiling main.c...
compiling stm32f10x_it.c...
compiling bsp_usart.c...
compiling bsp_SysTick.c...
compiling bsp_adc.c...
compiling setio.c...
compiling bsp_ds18b20.c...
compiling bsp_TiMbase.c...
compiling WifiUsart..c...
compiling bsp_usart_blt.c...
linking...
Program Size: Code=19768 RO-data=480 RW-data=132 ZI-data=6684  
FromELF: creating hex file...
"..\..\Output\USART.axf" - 0 Error(s), 0 Warning(s).
</pre>
</body>
</html>
c...
..\..\Libraries\CMSIS\stm32f10x.h(298): error:  #67: expected a "}"
    ADC1_2_IRQn                 = 18,     /*!< ADC1 and ADC2 global Interrupt                       */
..\..\Libraries\CMSIS\stm32f10x.h(472): warning:  #12-D: parsing restarts here after previous syntax error
  } IRQn_Type;
..\..\Libraries\FWlib\src\stm32f10x_bkp.c: 1 warning, 1 error
compiling stm32f10x_can.c...
..\..\Libraries\CMSIS\stm32f10x.h(298): error:  #67: expected a "}"
    ADC1_2_IRQn                 = 18,     /*!< ADC1 and ADC2 global Interrupt                       */
..\..\Libraries\CMSIS\stm32f10x.h(472): warning:  #12-D: parsing restarts here after previous syntax error
  } IRQn_Type;
..\..\Libraries\FWlib\src\stm32f10x_can.c: 1 warning, 1 error
compiling stm32f10x_cec.c...
..\..\Libraries\CMSIS\stm32f10x.h(298): error:  #67: expected a "}"
    ADC1_2_IRQn                 = 18,     /*!< ADC1 and ADC2 global Interrupt                       */
..\..\Libraries\CMSIS\stm32f10x.h(472): warning:  #12-D: parsing restarts here after previous syntax error
  } IRQn_Type;
..\..\Libraries\FWlib\src\stm32f10x_cec.c: 1 warning, 1 error
compiling stm32f10x_crc.c...
..\..\Libraries\CMSIS\stm32f10x.h(298): error:  #67: expected a "}"
    ADC1_2_IRQn                 = 18,     /*!< ADC1 and ADC2 global Interrupt                       */
..\..\Libraries\CMSIS\stm32f10x.h(472): warning:  #12-D: parsing restarts here after previous syntax error
  } IRQn_Type;
..\..\Libraries\FWlib\src\stm32f10x_crc.c: 1 warning, 1 error
compiling stm32f10x_dac.c...
..\..\Libraries\CMSIS\stm32f10x.h(298): error:  #67: expected a "}"
    ADC1_2_IRQn                 = 18,     /*!< ADC1 and ADC2 global Interrupt                       */
..\..\Libraries\CMSIS\stm32f10x.h(472): warning:  #12-D: parsing restarts here after previous syntax error
  } IRQn_Type;
..\..\Libraries\FWlib\src\stm32f10x_dac.c: 1 warning, 1 error
compiling stm32f10x_dbgmcu.c...
..\..\Libraries\CMSIS\stm32f10x.h(298): error:  #67: expected a "}"
    ADC1_2_IRQn                 = 18,     /*!< ADC1 and ADC2 global Interrupt                       */
..\..\Libraries\CMSIS\stm32f10x.h(472): warning:  #12-D: parsing restarts here after previous syntax error
  } IRQn_Type;
..\..\Libraries\FWlib\src\stm32f10x_dbgmcu.c: 1 warning, 1 error
compiling stm32f10x_dma.c...
..\..\Libraries\CMSIS\stm32f10x.h(298): error:  #67: expected a "}"
    ADC1_2_IRQn                 = 18,     /*!< ADC1 and ADC2 global Interrupt                       */
..\..\Libraries\CMSIS\stm32f10x.h(472): warning:  #12-D: parsing restarts here after previous syntax error
  } IRQn_Type;
..\..\Libraries\FWlib\src\stm32f10x_dma.c: 1 warning, 1 error
compiling stm32f10x_exti.c...
..\..\Libraries\CMSIS\stm32f10x.h(298): error:  #67: expected a "}"
    ADC1_2_IRQn                 = 18,     /*!< ADC1 and ADC2 global Interrupt                       */
..\..\Libraries\CMSIS\stm32f10x.h(472): warning:  #12-D: parsing restarts here after previous syntax error
  } IRQn_Type;
..\..\Libraries\FWlib\src\stm32f10x_exti.c: 1 warning, 1 error
compiling stm32f10x_flash.c...
..\..\Libraries\CMSIS\stm32f10x.h(298): error:  #67: expected a "}"
    ADC1_2_IRQn                 = 18,     /*!< ADC1 and ADC2 global Interrupt                       */
..\..\Libraries\CMSIS\stm32f10x.h(472): warning:  #12-D: parsing restarts here after previous syntax error
  } IRQn_Type;
..\..\Libraries\FWlib\src\stm32f10x_flash.c: 1 warning, 1 error
compiling stm32f10x_fsmc.c...
..\..\Libraries\CMSIS\stm32f10x.h(298): error:  #67: expected a "}"
    ADC1_2_IRQn                 = 18,     /*!< ADC1 and ADC2 global Interrupt                       */
..\..\Libraries\CMSIS\stm32f10x.h(472): warning:  #12-D: parsing restarts here after previous syntax error
  } IRQn_Type;
..\..\Libraries\FWlib\src\stm32f10x_fsmc.c: 1 warning, 1 error
compiling stm32f10x_gpio.c...
..\..\Libraries\CMSIS\stm32f10x.h(298): error:  #67: expected a "}"
    ADC1_2_IRQn                 = 18,     /*!< ADC1 and ADC2 global Interrupt                       */
..\..\Libraries\CMSIS\stm32f10x.h(472): warning:  #12-D: parsing restarts here after previous syntax error
  } IRQn_Type;
..\..\Libraries\FWlib\src\stm32f10x_gpio.c: 1 warning, 1 error
compiling stm32f10x_i2c.c...
..\..\Libraries\CMSIS\stm32f10x.h(298): error:  #67: expected a "}"
    ADC1_2_IRQn                 = 18,     /*!< ADC1 and ADC2 global Interrupt                       */
..\..\Libraries\CMSIS\stm32f10x.h(472): warning:  #12-D: parsing restarts here after previous syntax error
  } IRQn_Type;
..\..\Libraries\FWlib\src\stm32f10x_i2c.c: 1 warning, 1 error
compiling stm32f10x_iwdg.c...
..\..\Libraries\CMSIS\stm32f10x.h(298): error:  #67: expected a "}"
    ADC1_2_IRQn                 = 18,     /*!< ADC1 and ADC2 global Interrupt                       */
..\..\Libraries\CMSIS\stm32f10x.h(472): warning:  #12-D: parsing restarts here after previous syntax error
  } IRQn_Type;
..\..\Libraries\FWlib\src\stm32f10x_iwdg.c: 1 warning, 1 error
compiling stm32f10x_pwr.c...
..\..\Libraries\CMSIS\stm32f10x.h(298): error:  #67: expected a "}"
    ADC1_2_IRQn                 = 18,     /*!< ADC1 and ADC2 global Interrupt                       */
..\..\Libraries\CMSIS\stm32f10x.h(472): warning:  #12-D: parsing restarts here after previous syntax error
  } IRQn_Type;
..\..\Libraries\FWlib\src\stm32f10x_pwr.c: 1 warning, 1 error
compiling stm32f10x_rcc.c...
..\..\Libraries\CMSIS\stm32f10x.h(298): error:  #67: expected a "}"
    ADC1_2_IRQn                 = 18,     /*!< ADC1 and ADC2 global Interrupt                       */
..\..\Libraries\CMSIS\stm32f10x.h(472): warning:  #12-D: parsing restarts here after previous syntax error
  } IRQn_Type;
..\..\Libraries\FWlib\src\stm32f10x_rcc.c: 1 warning, 1 error
compiling stm32f10x_rtc.c...
..\..\Libraries\CMSIS\stm32f10x.h(298): error:  #67: expected a "}"
    ADC1_2_IRQn                 = 18,     /*!< ADC1 and ADC2 global Interrupt                       */
..\..\Libraries\CMSIS\stm32f10x.h(472): warning:  #12-D: parsing restarts here after previous syntax error
  } IRQn_Type;
..\..\Libraries\FWlib\src\stm32f10x_rtc.c: 1 warning, 1 error
compiling stm32f10x_sdio.c...
..\..\Libraries\CMSIS\stm32f10x.h(298): error:  #67: expected a "}"
    ADC1_2_IRQn                 = 18,     /*!< ADC1 and ADC2 global Interrupt                       */
..\..\Libraries\CMSIS\stm32f10x.h(472): warning:  #12-D: parsing restarts here after previous syntax error
  } IRQn_Type;
..\..\Libraries\FWlib\src\stm32f10x_sdio.c: 1 warning, 1 error
compiling stm32f10x_spi.c...
..\..\Libraries\CMSIS\stm32f10x.h(298): error:  #67: expected a "}"
    ADC1_2_IRQn                 = 18,     /*!< ADC1 and ADC2 global Interrupt                       */
..\..\Libraries\CMSIS\stm32f10x.h(472): warning:  #12-D: parsing restarts here after previous syntax error
  } IRQn_Type;
..\..\Libraries\FWlib\src\stm32f10x_spi.c: 1 warning, 1 error
compiling stm32f10x_tim.c...
..\..\Libraries\CMSIS\stm32f10x.h(298): error:  #67: expected a "}"
    ADC1_2_IRQn                 = 18,     /*!< ADC1 and ADC2 global Interrupt                       */
..\..\Libraries\CMSIS\stm32f10x.h(472): warning:  #12-D: parsing restarts here after previous syntax error
  } IRQn_Type;
..\..\Libraries\FWlib\src\stm32f10x_tim.c: 1 warning, 1 error
compiling stm32f10x_usart.c...
..\..\Libraries\CMSIS\stm32f10x.h(298): error:  #67: expected a "}"
    ADC1_2_IRQn                 = 18,     /*!< ADC1 and ADC2 global Interrupt                       */
..\..\Libraries\CMSIS\stm32f10x.h(472): warning:  #12-D: parsing restarts here after previous syntax error
  } IRQn_Type;
..\..\Libraries\FWlib\src\stm32f10x_usart.c: 1 warning, 1 error
compiling stm32f10x_wwdg.c...
..\..\Libraries\CMSIS\stm32f10x.h(298): error:  #67: expected a "}"
    ADC1_2_IRQn                 = 18,     /*!< ADC1 and ADC2 global Interrupt                       */
..\..\Libraries\CMSIS\stm32f10x.h(472): warning:  #12-D: parsing restarts here after previous syntax error
  } IRQn_Type;
..\..\Libraries\FWlib\src\stm32f10x_wwdg.c: 1 warning, 1 error
compiling main.c...
..\..\Libraries\CMSIS\stm32f10x.h(298): error:  #67: expected a "}"
    ADC1_2_IRQn                 = 18,     /*!< ADC1 and ADC2 global Interrupt                       */
..\..\Libraries\CMSIS\stm32f10x.h(472): warning:  #12-D: parsing restarts here after previous syntax error
  } IRQn_Type;
..\..\User\main.c: 1 warning, 1 error
compiling stm32f10x_it.c...
..\..\Libraries\CMSIS\stm32f10x.h(298): error:  #67: expected a "}"
    ADC1_2_IRQn                 = 18,     /*!< ADC1 and ADC2 global Interrupt                       */
..\..\Libraries\CMSIS\stm32f10x.h(472): warning:  #12-D: parsing restarts here after previous syntax error
  } IRQn_Type;
..\..\User\stm32f10x_it.c: 1 warning, 1 error
compiling bsp_usart.c...
..\..\Libraries\CMSIS\stm32f10x.h(298): error:  #67: expected a "}"
    ADC1_2_IRQn                 = 18,     /*!< ADC1 and ADC2 global Interrupt                       */
..\..\Libraries\CMSIS\stm32f10x.h(472): warning:  #12-D: parsing restarts here after previous syntax error
  } IRQn_Type;
..\..\User\usart\bsp_usart.c: 1 warning, 1 error
compiling bsp_SysTick.c...
..\..\Libraries\CMSIS\stm32f10x.h(298): error:  #67: expected a "}"
    ADC1_2_IRQn                 = 18,     /*!< ADC1 and ADC2 global Interrupt                       */
..\..\Libraries\CMSIS\stm32f10x.h(472): warning:  #12-D: parsing restarts here after previous syntax error
  } IRQn_Type;
..\..\User\SysTick\bsp_SysTick.c: 1 warning, 1 error
compiling bsp_adc.c...
..\..\Libraries\CMSIS\stm32f10x.h(298): error:  #67: expected a "}"
    ADC1_2_IRQn                 = 18,     /*!< ADC1 and ADC2 global Interrupt                       */
..\..\Libraries\CMSIS\stm32f10x.h(472): warning:  #12-D: parsing restarts here after previous syntax error
  } IRQn_Type;
..\..\User\ADC\bsp_adc.c: 1 warning, 1 error
compiling setio.c...
..\..\Libraries\CMSIS\stm32f10x.h(298): error:  #67: expected a "}"
    ADC1_2_IRQn                 = 18,     /*!< ADC1 and ADC2 global Interrupt                       */
..\..\Libraries\CMSIS\stm32f10x.h(472): warning:  #12-D: parsing restarts here after previous syntax error
  } IRQn_Type;
..\..\User\LED&SWITCH\setio.c: 1 warning, 1 error
compiling bsp_ds18b20.c...
..\..\Libraries\CMSIS\stm32f10x.h(298): error:  #67: expected a "}"
    ADC1_2_IRQn                 = 18,     /*!< ADC1 and ADC2 global Interrupt                       */
..\..\Libraries\CMSIS\stm32f10x.h(472): warning:  #12-D: parsing restarts here after previous syntax error
  } IRQn_Type;
..\..\User\ds18b20\bsp_ds18b20.c: 1 warning, 1 error
compiling bsp_TiMbase.c...
..\..\Libraries\CMSIS\stm32f10x.h(298): error:  #67: expected a "}"
    ADC1_2_IRQn                 = 18,     /*!< ADC1 and ADC2 global Interrupt                       */
..\..\Libraries\CMSIS\stm32f10x.h(472): warning:  #12-D: parsing restarts here after previous syntax error
  } IRQn_Type;
..\..\User\TimBase\bsp_TiMbase.c: 1 warning, 1 error
compiling WifiUsart..c...
..\..\Libraries\CMSIS\stm32f10x.h(298): error:  #67: expected a "}"
    ADC1_2_IRQn                 = 18,     /*!< ADC1 and ADC2 global Interrupt                       */
..\..\Libraries\CMSIS\stm32f10x.h(472): warning:  #12-D: parsing restarts here after previous syntax error
  } IRQn_Type;
..\..\User\uart3\WifiUsart..c: 1 warning, 1 error
compiling bsp_usart_blt.c...
..\..\Libraries\CMSIS\stm32f10x.h(298): error:  #67: expected a "}"
    ADC1_2_IRQn                 = 18,     /*!< ADC1 and ADC2 global Interrupt                       */
..\..\Libraries\CMSIS\stm32f10x.h(472): warning:  #12-D: parsing restarts here after previous syntax error
  } IRQn_Type;
..\..\User\usart2\bsp_usart_blt.c: 1 warning, 1 error
"..\..\Output\USART.axf" - 34 Error(s), 34 Warning(s).
Target not created
