<html>
<body>
<pre>
<h1>µVision Build Log</h1>
<h2>Project:</h2>
E:\stm32_text\seeing\seeing\Project\RVMDK£¨uv5£©\BH-F103.uvprojx
Project File Date:  03/18/2019

<h2>Output:</h2>
Rebuild target 'USART'
assembling startup_stm32f10x_hd.s...
compiling core_cm3.c...
compiling system_stm32f10x.c...
compiling misc.c...
compiling stm32f10x_adc.c...
compiling stm32f10x_bkp.c...
compiling stm32f10x_can.c...
compiling stm32f10x_cec.c...
compiling stm32f10x_crc.c...
compiling stm32f10x_dac.c...
compiling stm32f10x_dbgmcu.c...
compiling stm32f10x_dma.c...
compiling stm32f10x_exti.c...
compiling stm32f10x_flash.c...
compiling stm32f10x_fsmc.c...
compiling stm32f10x_gpio.c...
compiling stm32f10x_i2c.c...
compiling stm32f10x_iwdg.c...
compiling stm32f10x_pwr.c...
compiling stm32f10x_rcc.c...
compiling stm32f10x_rtc.c...
compiling stm32f10x_sdio.c...
compiling stm32f10x_spi.c...
compiling stm32f10x_tim.c...
compiling stm32f10x_usart.c...
compiling stm32f10x_wwdg.c...
compiling main.c...
compiling stm32f10x_it.c...
compiling bsp_usart.c...
compiling bsp_SysTick.c...
compiling bsp_adc.c...
compiling setio.c...
compiling bsp_ds18b20.c...
compiling bsp_TiMbase.c...
compiling WifiUsart..c...
compiling bsp_usart_blt.c...
linking...
Program Size: Code=15868 RO-data=336 RW-data=84 ZI-data=6308  
FromELF: creating hex file...
"..\..\Output\USART.axf" - 0 Error(s), 0 Warning(s).
utput\USART.axf: Error: L6218E: Undefined symbol BLT_USART_Config (referred from main.o).
..\..\Output\USART.axf: Error: L6218E: Undefined symbol WifiUSART_Config (referred from main.o).
..\..\Output\USART.axf: Error: L6218E: Undefined symbol WifiUsart_SendString (referred from main.o).
..\..\Output\USART.axf: Error: L6218E: Undefined symbol BLTUART_RxPtr (referred from stm32f10x_it.o).
..\..\Output\USART.axf: Error: L6218E: Undefined symbol WIFIUART_RxBuffer (referred from stm32f10x_it.o).
..\..\Output\USART.axf: Error: L6218E: Undefined symbol WIFIUART_RxPtr (referred from stm32f10x_it.o).
Not enough information to list image symbols.
Finished: 1 information, 0 warning and 8 error messages.
"..\..\Output\USART.axf" - 8 Error(s), 0 Warning(s).
Target not created
